[2026-09-20T06:54:45Z] === ENRICH ITERATION 1 START | repo=python-websockets/websockets sha=157f7908 ===
[2026-09-20T06:54:45Z] [iter=1] PHASE START: enrich repo=python-websockets/websockets sha=157f7908 runlog=/home/runner/work/forx/forx/storage/aggregate/lsp/logs/157f7908-enrich-iter-001.log output=/home/runner/work/forx/forx/storage/aggregate/lsp/157f7908c33cb540f7cf76568dde8aa6cf400504.nq.gz
[2026-09-20T06:54:45Z] [iter=1] Step 1: Loading AST into disk-backed store mem_mb=78 MB
[2026-09-20T06:55:02Z] [iter=1] AST store loaded triples=1207802 load_secs=16 mem_mb=937 MB
[2026-09-20T06:55:02Z] [iter=1] Step 2: Finding LSP targets mem_mb=937 MB
[2026-09-20T06:55:05Z] [iter=1] LSP targets found call_sites=11180 imports=0 extends=0 implements=0 secs=3
[2026-09-20T06:55:08Z] [iter=1] Step 2.7: Building position index (one-shot, shared across resolvers) mem_mb=937 MB
[2026-09-20T06:55:13Z] [iter=1] Position index built positions=80286 nodes_with_types=103866 secs=5 mem_mb=937 MB
[2026-09-20T06:55:13Z] [iter=1] Step 3: Starting LSP resolution mem_mb=937 MB already_completed_types=[] already_completed_files=0
[2026-09-20T06:55:13Z] [iter=1] Resolving target type target_type=call_site count=11180
[2026-09-20T06:55:55Z] [iter=1] HEARTBEAT target_type=call_site elapsed_min=1.2 files_done=1 resolved=324 errors=88 current=tests/asyncio/test_server.py
[2026-09-20T06:56:38Z] [iter=1] HEARTBEAT target_type=call_site elapsed_min=1.9 files_done=2 resolved=436 errors=189 current=tests/test_protocol.py
[2026-09-20T06:58:10Z] [iter=1] HEARTBEAT target_type=call_site elapsed_min=3.4 files_done=3 resolved=794 errors=401 current=tests/legacy/test_protocol.py
[2026-09-20T07:00:08Z] [iter=1] HEARTBEAT target_type=call_site elapsed_min=5.4 files_done=4 resolved=932 errors=686 current=tests/legacy/test_framing.py
[2026-09-20T07:00:41Z] [iter=1] HEARTBEAT target_type=call_site elapsed_min=5.9 files_done=6 resolved=1109 errors=763 current=example/quickstart/client_secure.py
[2026-09-20T07:02:16Z] [iter=1] HEARTBEAT target_type=call_site elapsed_min=7.5 files_done=9 resolved=1353 errors=986 current=src/websockets/legacy/server.py
[2026-09-20T07:02:56Z] [iter=1] HEARTBEAT target_type=call_site elapsed_min=8.2 files_done=14 resolved=1716 errors=1077 current=tests/sync/test_connection.py
[2026-09-20T07:03:27Z] [iter=1] HEARTBEAT target_type=call_site elapsed_min=8.7 files_done=17 resolved=1985 errors=1147 current=tests/test_server.py
[2026-09-20T07:04:05Z] [iter=1] HEARTBEAT target_type=call_site elapsed_min=9.3 files_done=20 resolved=2270 errors=1236 current=src/websockets/asyncio/messages.py
[2026-09-20T07:04:46Z] [iter=1] HEARTBEAT target_type=call_site elapsed_min=10.0 files_done=26 resolved=2442 errors=1335 current=src/websockets/client.py
[2026-09-20T07:05:19Z] [iter=1] HEARTBEAT target_type=call_site elapsed_min=10.6 files_done=30 resolved=2678 errors=1406 current=example/deployment/haproxy/app.py
[2026-09-20T07:05:54Z] [iter=1] HEARTBEAT target_type=call_site elapsed_min=11.1 files_done=33 resolved=2809 errors=1491 current=example/tutorial/step1/app.py
[2026-09-20T07:06:32Z] [iter=1] HEARTBEAT target_type=call_site elapsed_min=11.8 files_done=36 resolved=3052 errors=1581 current=src/websockets/exceptions.py
[2026-09-20T07:07:04Z] [iter=1] HEARTBEAT target_type=call_site elapsed_min=12.3 files_done=38 resolved=3135 errors=1661 current=src/websockets/protocol.py
[2026-09-20T07:07:36Z] [iter=1] HEARTBEAT target_type=call_site elapsed_min=12.8 files_done=41 resolved=3291 errors=1737 current=tests/extensions/test_base.py
[2026-09-20T07:08:08Z] [iter=1] HEARTBEAT target_type=call_site elapsed_min=13.4 files_done=46 resolved=3425 errors=1814 current=experiments/broadcast/clients.py
[2026-09-20T07:08:47Z] [iter=1] HEARTBEAT target_type=call_site elapsed_min=14.0 files_done=49 resolved=3621 errors=1904 current=tests/test_streams.py
[2026-09-20T07:09:28Z] [iter=1] HEARTBEAT target_type=call_site elapsed_min=14.7 files_done=53 resolved=3751 errors=2004 current=example/deployment/nginx/app.py
[2026-09-20T07:10:02Z] [iter=1] HEARTBEAT target_type=call_site elapsed_min=15.3 files_done=57 resolved=3869 errors=2086 current=tests/sync/test_client.py
[2026-09-20T07:10:55Z] [iter=1] HEARTBEAT target_type=call_site elapsed_min=16.2 files_done=64 resolved=4052 errors=2209 current=experiments/compression/server.py
[2026-09-20T07:11:25Z] [iter=1] HEARTBEAT target_type=call_site elapsed_min=16.7 files_done=70 resolved=4187 errors=2283 current=experiments/broadcast/server.py
[2026-09-20T07:11:55Z] [iter=1] HEARTBEAT target_type=call_site elapsed_min=17.2 files_done=88 resolved=4505 errors=2352 current=tests/extensions/utils.py
[2026-09-20T07:12:29Z] [iter=1] HEARTBEAT target_type=call_site elapsed_min=17.7 files_done=112 resolved=4644 errors=2433 current=fuzzing/fuzz_websocket_parser.py
[2026-09-20T07:13:00Z] [iter=1] Target type resolved target_type=call_site resolved=4847 errors=2484 secs=1067 mem_mb=937 MB
[2026-09-20T07:13:07Z] [iter=1] Step 5: Writing final enrichment file triples=81292
[2026-09-20T07:13:09Z] [iter=1] Enrichment file written path=/home/runner/work/forx/forx/storage/aggregate/lsp/157f7908c33cb540f7cf76568dde8aa6cf400504.nq.gz size_kb=1693
[2026-09-20T07:13:09Z] [iter=1] PHASE END: enrich elapsed_s=1103 elapsed_min=18.4 total_triples=81292
