[2026-09-20T03:21:42Z] === ENRICH ITERATION 1 START | repo=python-websockets/websockets sha=624a36cc ===
[2026-09-20T03:21:42Z] [iter=1] PHASE START: enrich repo=python-websockets/websockets sha=624a36cc runlog=/home/runner/work/forx/forx/storage/aggregate/lsp/logs/624a36cc-enrich-iter-001.log output=/home/runner/work/forx/forx/storage/aggregate/lsp/624a36cc9c1ea1369971387d7bb23533b2797350.nq.gz
[2026-09-20T03:21:42Z] [iter=1] Step 1: Loading AST into disk-backed store mem_mb=78 MB
[2026-09-20T03:21:52Z] [iter=1] AST store loaded triples=1325705 load_secs=10 mem_mb=936 MB
[2026-09-20T03:21:52Z] [iter=1] Step 2: Finding LSP targets mem_mb=936 MB
[2026-09-20T03:21:57Z] [iter=1] LSP targets found call_sites=12306 imports=0 extends=0 implements=0 secs=5
[2026-09-20T03:22:01Z] [iter=1] Step 2.7: Building position index (one-shot, shared across resolvers) mem_mb=936 MB
[2026-09-20T03:22:09Z] [iter=1] Position index built positions=88265 nodes_with_types=114269 secs=8 mem_mb=936 MB
[2026-09-20T03:22:09Z] [iter=1] Step 3: Starting LSP resolution mem_mb=936 MB already_completed_types=[] already_completed_files=0
[2026-09-20T03:22:09Z] [iter=1] Resolving target type target_type=call_site count=12306
[2026-09-20T03:23:14Z] [iter=1] HEARTBEAT target_type=call_site elapsed_min=1.5 files_done=1 resolved=347 errors=99 current=tests/asyncio/test_messages.py
[2026-09-20T03:25:33Z] [iter=1] HEARTBEAT target_type=call_site elapsed_min=3.8 files_done=3 resolved=842 errors=329 current=src/websockets/legacy/protocol.py
[2026-09-20T03:26:24Z] [iter=1] HEARTBEAT target_type=call_site elapsed_min=4.7 files_done=4 resolved=998 errors=414 current=tests/legacy/utils.py
[2026-09-20T03:28:34Z] [iter=1] HEARTBEAT target_type=call_site elapsed_min=6.9 files_done=6 resolved=1252 errors=638 current=src/websockets/uri.py
[2026-09-20T03:29:28Z] [iter=1] HEARTBEAT target_type=call_site elapsed_min=7.8 files_done=8 resolved=1373 errors=733 current=tests/sync/test_connection.py
[2026-09-20T03:30:50Z] [iter=1] HEARTBEAT target_type=call_site elapsed_min=9.1 files_done=10 resolved=1756 errors=873 current=src/websockets/asyncio/client.py
[2026-09-20T03:31:30Z] [iter=1] HEARTBEAT target_type=call_site elapsed_min=9.8 files_done=14 resolved=1997 errors=937 current=experiments/authentication/app.py
[2026-09-20T03:32:20Z] [iter=1] HEARTBEAT target_type=call_site elapsed_min=10.6 files_done=17 resolved=2252 errors=1021 current=tests/test_exceptions.py
[2026-09-20T03:35:04Z] [iter=1] HEARTBEAT target_type=call_site elapsed_min=13.4 files_done=19 resolved=2400 errors=1310 current=src/websockets/protocol.py
[2026-09-20T03:35:37Z] [iter=1] HEARTBEAT target_type=call_site elapsed_min=13.9 files_done=20 resolved=2436 errors=1369 current=src/websockets/exceptions.py
[2026-09-20T03:36:19Z] [iter=1] HEARTBEAT target_type=call_site elapsed_min=14.6 files_done=23 resolved=2543 errors=1443 current=src/websockets/asyncio/server.py
[2026-09-20T03:37:06Z] [iter=1] HEARTBEAT target_type=call_site elapsed_min=15.4 files_done=26 resolved=2678 errors=1524 current=src/websockets/legacy/http.py
[2026-09-20T03:37:47Z] [iter=1] HEARTBEAT target_type=call_site elapsed_min=16.1 files_done=30 resolved=2855 errors=1592 current=tests/test_client.py
[2026-09-20T03:38:27Z] [iter=1] HEARTBEAT target_type=call_site elapsed_min=16.7 files_done=31 resolved=2949 errors=1663 current=example/asyncio/client.py
[2026-09-20T03:39:07Z] [iter=1] HEARTBEAT target_type=call_site elapsed_min=17.4 files_done=35 resolved=3136 errors=1730 current=src/websockets/__main__.py
[2026-09-20T03:39:56Z] [iter=1] HEARTBEAT target_type=call_site elapsed_min=18.2 files_done=39 resolved=3420 errors=1811 current=tests/test_imports.py
[2026-09-20T03:40:30Z] [iter=1] HEARTBEAT target_type=call_site elapsed_min=18.8 files_done=45 resolved=3605 errors=1868 current=src/websockets/sync/server.py
[2026-09-20T03:41:32Z] [iter=1] HEARTBEAT target_type=call_site elapsed_min=19.8 files_done=48 resolved=3729 errors=1978 current=experiments/broadcast/clients.py
[2026-09-20T03:42:02Z] [iter=1] HEARTBEAT target_type=call_site elapsed_min=20.3 files_done=53 resolved=3861 errors=2030 current=tests/maxi_cov.py
[2026-09-20T03:42:41Z] [iter=1] HEARTBEAT target_type=call_site elapsed_min=21.0 files_done=58 resolved=4048 errors=2096 current=src/websockets/streams.py
[2026-09-20T03:43:33Z] [iter=1] HEARTBEAT target_type=call_site elapsed_min=21.8 files_done=62 resolved=4194 errors=2188 current=tests/extensions/test_permessage_deflate.py
[2026-09-20T03:44:46Z] [iter=1] HEARTBEAT target_type=call_site elapsed_min=23.1 files_done=67 resolved=4452 errors=2314 current=example/quickstart/counter.py
[2026-09-20T03:45:30Z] [iter=1] HEARTBEAT target_type=call_site elapsed_min=23.8 files_done=72 resolved=4541 errors=2393 current=example/deployment/supervisor/app.py
[2026-09-20T03:46:02Z] [iter=1] HEARTBEAT target_type=call_site elapsed_min=24.3 files_done=76 resolved=4605 errors=2449 current=example/deployment/kubernetes/benchmark.py
[2026-09-20T03:46:38Z] [iter=1] HEARTBEAT target_type=call_site elapsed_min=24.9 files_done=81 resolved=4767 errors=2512 current=tests/asyncio/server.py
[2026-09-20T03:47:10Z] [iter=1] HEARTBEAT target_type=call_site elapsed_min=25.5 files_done=105 resolved=4980 errors=2564 current=src/websockets/connection.py
[2026-09-20T03:47:40Z] [iter=1] HEARTBEAT target_type=call_site elapsed_min=26.0 files_done=132 resolved=5128 errors=2614 current=example/django/signals.py
[2026-09-20T03:48:13Z] [iter=1] Target type resolved target_type=call_site resolved=5272 errors=2657 secs=1564 mem_mb=936 MB
[2026-09-20T03:48:22Z] [iter=1] Step 5: Writing final enrichment file triples=87886
[2026-09-20T03:48:24Z] [iter=1] Enrichment file written path=/home/runner/work/forx/forx/storage/aggregate/lsp/624a36cc9c1ea1369971387d7bb23533b2797350.nq.gz size_kb=1832
[2026-09-20T03:48:24Z] [iter=1] PHASE END: enrich elapsed_s=1602 elapsed_min=26.7 total_triples=87886
