[2026-09-20T02:33:22Z] === ENRICH ITERATION 1 START | repo=python-websockets/websockets sha=7ac73c64 ===
[2026-09-20T02:33:22Z] [iter=1] PHASE START: enrich repo=python-websockets/websockets sha=7ac73c64 runlog=/home/runner/work/forx/forx/storage/aggregate/lsp/logs/7ac73c64-enrich-iter-001.log output=/home/runner/work/forx/forx/storage/aggregate/lsp/7ac73c645329055a3c352077b8055e6ed65fa46c.nq.gz
[2026-09-20T02:33:22Z] [iter=1] Step 1: Loading AST into disk-backed store mem_mb=78 MB
[2026-09-20T02:33:43Z] [iter=1] AST store loaded triples=1454516 load_secs=21 mem_mb=941 MB
[2026-09-20T02:33:43Z] [iter=1] Step 2: Finding LSP targets mem_mb=941 MB
[2026-09-20T02:33:46Z] [iter=1] LSP targets found call_sites=13280 imports=0 extends=0 implements=0 secs=3
[2026-09-20T02:33:49Z] [iter=1] Step 2.7: Building position index (one-shot, shared across resolvers) mem_mb=941 MB
[2026-09-20T02:33:54Z] [iter=1] Position index built positions=96863 nodes_with_types=125334 secs=5 mem_mb=941 MB
[2026-09-20T02:33:54Z] [iter=1] Step 3: Starting LSP resolution mem_mb=941 MB already_completed_types=[] already_completed_files=0
[2026-09-20T02:33:54Z] [iter=1] Resolving target type target_type=call_site count=13280
[2026-09-20T02:33:55Z] [iter=1] HEARTBEAT target_type=call_site elapsed_min=0.5 files_done=0 resolved=0 errors=0 current=tests/asyncio/test_client.py
[2026-09-20T02:34:28Z] [iter=1] HEARTBEAT target_type=call_site elapsed_min=1.1 files_done=1 resolved=242 errors=80 current=tests/legacy/test_client_server.py
[2026-09-20T02:35:53Z] [iter=1] HEARTBEAT target_type=call_site elapsed_min=2.5 files_done=2 resolved=472 errors=302 current=tests/asyncio/test_messages.py
[2026-09-20T02:36:29Z] [iter=1] HEARTBEAT target_type=call_site elapsed_min=3.1 files_done=5 resolved=903 errors=387 current=tests/sync/test_client.py
[2026-09-20T02:37:07Z] [iter=1] HEARTBEAT target_type=call_site elapsed_min=3.7 files_done=6 resolved=1091 errors=488 current=setup.py
[2026-09-20T02:38:19Z] [iter=1] HEARTBEAT target_type=call_site elapsed_min=4.9 files_done=8 resolved=1489 errors=673 current=tests/asyncio/test_connection.py
[2026-09-20T02:38:59Z] [iter=1] HEARTBEAT target_type=call_site elapsed_min=5.6 files_done=9 resolved=1837 errors=771 current=src/websockets/sync/connection.py
[2026-09-20T02:39:38Z] [iter=1] HEARTBEAT target_type=call_site elapsed_min=6.3 files_done=11 resolved=2033 errors=876 current=src/websockets/headers.py
[2026-09-20T02:40:10Z] [iter=1] HEARTBEAT target_type=call_site elapsed_min=6.8 files_done=13 resolved=2206 errors=964 current=tests/extensions/test_permessage_deflate.py
[2026-09-20T02:40:47Z] [iter=1] HEARTBEAT target_type=call_site elapsed_min=7.4 files_done=15 resolved=2456 errors=1058 current=src/websockets/protocol.py
[2026-09-20T02:41:26Z] [iter=1] HEARTBEAT target_type=call_site elapsed_min=8.1 files_done=19 resolved=2571 errors=1164 current=example/deployment/nginx/app.py
[2026-09-20T02:42:04Z] [iter=1] HEARTBEAT target_type=call_site elapsed_min=8.7 files_done=22 resolved=2795 errors=1266 current=src/websockets/client.py
[2026-09-20T02:42:59Z] [iter=1] HEARTBEAT target_type=call_site elapsed_min=9.6 files_done=24 resolved=2976 errors=1416 current=src/websockets/asyncio/connection.py
[2026-09-20T02:43:32Z] [iter=1] HEARTBEAT target_type=call_site elapsed_min=10.2 files_done=25 resolved=3093 errors=1504 current=tests/test_headers.py
[2026-09-20T02:45:37Z] [iter=1] HEARTBEAT target_type=call_site elapsed_min=12.3 files_done=28 resolved=3347 errors=1838 current=src/websockets/asyncio/router.py
[2026-09-20T02:46:28Z] [iter=1] HEARTBEAT target_type=call_site elapsed_min=13.1 files_done=32 resolved=3644 errors=1969 current=tests/sync/test_server.py
[2026-09-20T02:47:03Z] [iter=1] HEARTBEAT target_type=call_site elapsed_min=13.7 files_done=33 resolved=3764 errors=2063 current=src/websockets/frames.py
[2026-09-20T02:47:36Z] [iter=1] HEARTBEAT target_type=call_site elapsed_min=14.2 files_done=40 resolved=3914 errors=2148 current=tests/test_imports.py
[2026-09-20T02:48:06Z] [iter=1] HEARTBEAT target_type=call_site elapsed_min=14.7 files_done=45 resolved=4071 errors=2229 current=tests/proxy.py
[2026-09-20T02:48:36Z] [iter=1] HEARTBEAT target_type=call_site elapsed_min=15.2 files_done=50 resolved=4221 errors=2308 current=src/websockets/http11.py
[2026-09-20T02:49:14Z] [iter=1] HEARTBEAT target_type=call_site elapsed_min=15.9 files_done=58 resolved=4459 errors=2408 current=experiments/broadcast/server.py
[2026-09-20T02:49:45Z] [iter=1] HEARTBEAT target_type=call_site elapsed_min=16.4 files_done=66 resolved=4734 errors=2488 current=tests/asyncio/connection.py
[2026-09-20T02:50:17Z] [iter=1] HEARTBEAT target_type=call_site elapsed_min=16.9 files_done=71 resolved=4864 errors=2573 current=tests/utils.py
[2026-09-20T02:50:47Z] [iter=1] HEARTBEAT target_type=call_site elapsed_min=17.4 files_done=85 resolved=5160 errors=2650 current=src/websockets/legacy/handshake.py
[2026-09-20T02:51:17Z] [iter=1] HEARTBEAT target_type=call_site elapsed_min=17.9 files_done=102 resolved=5313 errors=2731 current=tests/asyncio/server.py
[2026-09-20T02:51:47Z] [iter=1] HEARTBEAT target_type=call_site elapsed_min=18.4 files_done=118 resolved=5461 errors=2814 current=example/asyncio/echo.py
[2026-09-20T02:52:19Z] [iter=1] HEARTBEAT target_type=call_site elapsed_min=19.0 files_done=159 resolved=5636 errors=2878 current=example/quick/show_time.js
[2026-09-20T02:52:28Z] [iter=1] Target type resolved target_type=call_site resolved=5698 errors=2893 secs=1114 mem_mb=941 MB
[2026-09-20T02:52:36Z] [iter=1] Step 5: Writing final enrichment file triples=95386
[2026-09-20T02:52:37Z] [iter=1] Enrichment file written path=/home/runner/work/forx/forx/storage/aggregate/lsp/7ac73c645329055a3c352077b8055e6ed65fa46c.nq.gz size_kb=1990
[2026-09-20T02:52:37Z] [iter=1] PHASE END: enrich elapsed_s=1155 elapsed_min=19.3 total_triples=95386
